{
    "references": {
        "A": [
            "./functionUse.php"
        ]
    },
    "definitions": []
}